[09:58:58] TP1: ready
[10:03:51] TP1 omnidoc c=1: rc=0 287s
[10:06:38] TP1 omnidoc c=2: rc=0 167s
[10:08:52] TP1 omnidoc c=4: rc=0 134s
[10:11:10] TP1 omnidoc c=8: rc=0 139s
[10:14:29] TP1 omnidoc c=16: rc=0 198s
[10:20:27] TP1 omnidoc c=32: rc=0 358s
[10:29:42] TP1 omnidoc c=64: rc=0 555s
[10:48:01] TP1 omnidoc c=128: rc=0 1099s
[10:51:54] TP1 olmocr c=1: rc=0 233s
[10:54:15] TP1 olmocr c=2: rc=0 141s
[10:56:02] TP1 olmocr c=4: rc=0 107s
[10:57:59] TP1 olmocr c=8: rc=0 117s
[11:00:47] TP1 olmocr c=16: rc=0 168s
[11:05:54] TP1 olmocr c=32: rc=0 307s
[11:14:42] TP1 olmocr c=64: rc=0 528s
[11:31:52] TP1 olmocr c=128: rc=0 1030s
[11:33:53] TP1 cord c=1: rc=0 121s
[11:34:16] TP1 cord c=2: rc=0 23s
[11:34:35] TP1 cord c=4: rc=0 19s
[11:35:02] TP1 cord c=8: rc=0 28s
[11:35:43] TP1 cord c=16: rc=0 41s
[11:38:12] TP1 cord c=32: rc=0 149s
[11:42:06] TP1 cord c=64: rc=0 234s
[11:48:28] TP1 cord c=128: rc=0 382s
[11:50:53] TP1 omnidoc_greedy c=1: rc=0 145s
[11:53:29] TP1 omnidoc_greedy c=16: rc=0 156s
