[09:58:58] TP2: ready
[10:02:06] TP2 omnidoc c=1: rc=0 181s
[10:04:02] TP2 omnidoc c=2: rc=0 116s
[10:05:45] TP2 omnidoc c=4: rc=0 103s
[10:07:27] TP2 omnidoc c=8: rc=0 102s
[10:09:46] TP2 omnidoc c=16: rc=0 140s
[10:13:44] TP2 omnidoc c=32: rc=0 238s
[10:19:34] TP2 omnidoc c=64: rc=0 350s
[10:30:28] TP2 omnidoc c=128: rc=0 654s
[10:33:34] TP2 olmocr c=1: rc=0 186s
[10:35:31] TP2 olmocr c=2: rc=0 117s
[10:36:56] TP2 olmocr c=4: rc=0 84s
[10:38:20] TP2 olmocr c=8: rc=0 85s
[10:40:16] TP2 olmocr c=16: rc=0 116s
[10:43:39] TP2 olmocr c=32: rc=0 202s
[10:49:11] TP2 olmocr c=64: rc=0 333s
[10:59:17] TP2 olmocr c=128: rc=0 605s
[10:59:38] TP2 cord c=1: rc=0 21s
[10:59:56] TP2 cord c=2: rc=0 18s
[11:00:06] TP2 cord c=4: rc=0 10s
[11:00:28] TP2 cord c=8: rc=0 22s
[11:00:58] TP2 cord c=16: rc=0 30s
[11:02:46] TP2 cord c=32: rc=0 108s
[11:05:36] TP2 cord c=64: rc=0 170s
[11:09:35] TP2 cord c=128: rc=0 239s
[11:11:15] TP2 omnidoc_greedy c=1: rc=0 99s
[11:12:53] TP2 omnidoc_greedy c=16: rc=0 98s
[11:21:32] TP2 omnidoc_greedy c=128: rc=0 519s
[11:22:44] TP2 syn768_o512 c=1: rc=0 72s
[11:23:07] TP2 syn768_o512 c=4: rc=0 23s
[11:23:41] TP2 syn768_o512 c=16: rc=0 34s
[11:25:14] TP2 syn768_o512 c=64: rc=0 93s
[11:27:56] TP2 syn768_o512 c=128: rc=0 162s
[11:29:11] TP2 syn1024_o512 c=1: rc=0 75s
[11:29:37] TP2 syn1024_o512 c=4: rc=0 25s
[11:30:20] TP2 syn1024_o512 c=16: rc=0 44s
[11:32:28] TP2 syn1024_o512 c=64: rc=0 128s
[11:36:21] TP2 syn1024_o512 c=128: rc=0 233s
[11:37:41] TP2 syn1540_o512 c=1: rc=0 80s
[11:38:11] TP2 syn1540_o512 c=4: rc=0 30s
[11:39:14] TP2 syn1540_o512 c=16: rc=0 63s
[11:42:35] TP2 syn1540_o512 c=64: rc=0 201s
[11:48:54] TP2 syn1540_o512 c=128: rc=0 379s
[11:49:16] TP2 syn1024_o128 c=1: rc=0 22s
[11:49:25] TP2 syn1024_o128 c=4: rc=0 9s
[11:49:46] TP2 syn1024_o128 c=16: rc=0 21s
[11:50:56] TP2 syn1024_o128 c=64: rc=0 70s
[11:53:08] TP2 syn1024_o128 c=128: rc=0 132s
[11:57:57] TP2 syn1024_o2048 c=1: rc=0 289s
[11:59:31] TP2 syn1024_o2048 c=4: rc=0 93s
[12:01:56] TP2 syn1024_o2048 c=16: rc=0 145s
[12:08:36] TP2 syn1024_o2048 c=64: rc=0 400s
[12:20:35] TP2 syn1024_o2048 c=128: rc=0 719s
[12:21:35] TP2_DATA: ready
[12:24:40] TP2_DATA omnidoc c=1: rc=0 181s
[12:26:55] TP2_DATA omnidoc c=2: rc=0 134s
[12:28:46] TP2_DATA omnidoc c=4: rc=0 111s
[12:30:36] TP2_DATA omnidoc c=8: rc=0 110s
[12:32:54] TP2_DATA omnidoc c=16: rc=0 138s
[12:36:53] TP2_DATA omnidoc c=32: rc=0 238s
[12:43:02] TP2_DATA omnidoc c=64: rc=0 369s
[12:54:03] TP2_DATA omnidoc c=128: rc=0 661s
[12:57:09] TP2_DATA olmocr c=1: rc=0 186s
[12:59:05] TP2_DATA olmocr c=2: rc=0 116s
[13:00:29] TP2_DATA olmocr c=4: rc=0 85s
[13:01:55] TP2_DATA olmocr c=8: rc=0 86s
[13:03:51] TP2_DATA olmocr c=16: rc=0 116s
[13:07:14] TP2_DATA olmocr c=32: rc=0 203s
[13:12:48] TP2_DATA olmocr c=64: rc=0 334s
[13:23:00] TP2_DATA olmocr c=128: rc=0 612s
[13:23:25] TP2_DATA cord c=1: rc=0 25s
[13:23:43] TP2_DATA cord c=2: rc=0 18s
[13:23:53] TP2_DATA cord c=4: rc=0 10s
[13:24:16] TP2_DATA cord c=8: rc=0 24s
[13:24:45] TP2_DATA cord c=16: rc=0 28s
[13:26:34] TP2_DATA cord c=32: rc=0 109s
[13:29:19] TP2_DATA cord c=64: rc=0 165s
[13:33:35] TP2_DATA cord c=128: rc=0 256s
[13:35:14] TP2_DATA omnidoc_greedy c=1: rc=0 99s
[13:36:52] TP2_DATA omnidoc_greedy c=16: rc=0 98s
[13:45:35] TP2_DATA omnidoc_greedy c=128: rc=0 522s
[13:46:47] TP2_DATA syn768_o512 c=1: rc=0 73s
[13:47:10] TP2_DATA syn768_o512 c=4: rc=0 23s
[13:47:44] TP2_DATA syn768_o512 c=16: rc=0 34s
[13:49:17] TP2_DATA syn768_o512 c=64: rc=0 93s
[13:51:58] TP2_DATA syn768_o512 c=128: rc=0 161s
[13:53:13] TP2_DATA syn1024_o512 c=1: rc=0 75s
[13:53:38] TP2_DATA syn1024_o512 c=4: rc=0 25s
[13:54:22] TP2_DATA syn1024_o512 c=16: rc=0 44s
[13:56:29] TP2_DATA syn1024_o512 c=64: rc=0 127s
[14:00:22] TP2_DATA syn1024_o512 c=128: rc=0 233s
[14:01:42] TP2_DATA syn1540_o512 c=1: rc=0 80s
[14:02:13] TP2_DATA syn1540_o512 c=4: rc=0 30s
[14:03:15] TP2_DATA syn1540_o512 c=16: rc=0 63s
[14:06:36] TP2_DATA syn1540_o512 c=64: rc=0 200s
[14:12:55] TP2_DATA syn1540_o512 c=128: rc=0 379s
[14:13:17] TP2_DATA syn1024_o128 c=1: rc=0 22s
[14:13:26] TP2_DATA syn1024_o128 c=4: rc=0 9s
[14:13:47] TP2_DATA syn1024_o128 c=16: rc=0 21s
[14:14:57] TP2_DATA syn1024_o128 c=64: rc=0 70s
[14:17:10] TP2_DATA syn1024_o128 c=128: rc=0 133s
[14:21:59] TP2_DATA syn1024_o2048 c=1: rc=0 289s
[14:23:32] TP2_DATA syn1024_o2048 c=4: rc=0 94s
[14:25:58] TP2_DATA syn1024_o2048 c=16: rc=0 146s
[14:32:38] TP2_DATA syn1024_o2048 c=64: rc=0 400s
[14:44:35] TP2_DATA syn1024_o2048 c=128: rc=0 718s
[14:44:36] lane s1 done
