[15:43:16] TP4: ready
[15:46:46] TP4 omnidoc c=1: rc=0 203s
[15:48:46] TP4 omnidoc c=2: rc=0 120s
[15:50:16] TP4 omnidoc c=4: rc=0 90s
[15:51:49] TP4 omnidoc c=8: rc=0 92s
[15:53:38] TP4 omnidoc c=16: rc=0 109s
[15:56:32] TP4 omnidoc c=32: rc=0 174s
[16:00:44] TP4 omnidoc c=64: rc=0 253s
[16:08:18] TP4 omnidoc c=128: rc=0 454s
[16:11:04] TP4 olmocr c=1: rc=0 166s
[16:12:48] TP4 olmocr c=2: rc=0 104s
[16:14:00] TP4 olmocr c=4: rc=0 72s
[16:15:08] TP4 olmocr c=8: rc=0 67s
[16:16:36] TP4 olmocr c=16: rc=0 88s
[16:19:00] TP4 olmocr c=32: rc=0 144s
[16:23:00] TP4 olmocr c=64: rc=0 241s
[16:30:08] TP4 olmocr c=128: rc=0 428s
[16:30:27] TP4 cord c=1: rc=0 19s
[16:30:43] TP4 cord c=2: rc=0 17s
[16:30:56] TP4 cord c=4: rc=0 12s
[16:31:15] TP4 cord c=8: rc=0 19s
[16:31:37] TP4 cord c=16: rc=0 22s
[16:33:09] TP4 cord c=32: rc=0 92s
[16:35:21] TP4 cord c=64: rc=0 133s
[16:38:38] TP4 cord c=128: rc=0 196s
[16:39:55] TP4 omnidoc_greedy c=1: rc=0 77s
[16:41:02] TP4 omnidoc_greedy c=16: rc=0 67s
[16:46:26] TP4 omnidoc_greedy c=128: rc=0 324s
[16:47:32] TP4 syn768_o512 c=1: rc=0 66s
[16:47:52] TP4 syn768_o512 c=4: rc=0 20s
[16:48:20] TP4 syn768_o512 c=16: rc=0 28s
[16:49:35] TP4 syn768_o512 c=64: rc=0 75s
[16:51:44] TP4 syn768_o512 c=128: rc=0 130s
[16:52:52] TP4 syn1024_o512 c=1: rc=0 67s
[16:53:13] TP4 syn1024_o512 c=4: rc=0 22s
[16:53:48] TP4 syn1024_o512 c=16: rc=0 34s
[16:55:23] TP4 syn1024_o512 c=64: rc=0 96s
[16:58:16] TP4 syn1024_o512 c=128: rc=0 172s
[16:59:26] TP4 syn1540_o512 c=1: rc=0 70s
[16:59:51] TP4 syn1540_o512 c=4: rc=0 25s
[17:00:37] TP4 syn1540_o512 c=16: rc=0 46s
[17:02:57] TP4 syn1540_o512 c=64: rc=0 140s
[17:07:18] TP4 syn1540_o512 c=128: rc=0 261s
[17:07:37] TP4 syn1024_o128 c=1: rc=0 19s
[17:07:45] TP4 syn1024_o128 c=4: rc=0 7s
[17:08:00] TP4 syn1024_o128 c=16: rc=0 15s
[17:08:51] TP4 syn1024_o128 c=64: rc=0 51s
[17:10:27] TP4 syn1024_o128 c=128: rc=0 96s
[17:14:48] TP4 syn1024_o2048 c=1: rc=0 261s
[17:16:10] TP4 syn1024_o2048 c=4: rc=0 82s
[17:18:04] TP4 syn1024_o2048 c=16: rc=0 114s
[17:23:01] TP4 syn1024_o2048 c=64: rc=0 297s
[17:31:43] TP4 syn1024_o2048 c=128: rc=0 522s
[17:31:44] lane all done
